[2022-02-14 12:25:51,784] multiqc                                            [DEBUG  ]  No MultiQC config found: /opt/modules/devel/python/3.6.7/lib/python3.6/site-packages/multiqc_config.yaml
[2022-02-14 12:25:51,785] multiqc                                            [DEBUG  ]  No MultiQC config found: /mnt/ceph/jvanleuven/.multiqc_config.yaml
[2022-02-14 12:25:51,785] multiqc                                            [DEBUG  ]  No MultiQC config found: multiqc_config.yaml
[2022-02-14 12:25:51,785] multiqc                                            [DEBUG  ]  Command used: /opt/modules/devel/python/3.6.7/bin/multiqc fastqc_trimmed/
[2022-02-14 12:25:52,738] multiqc                                            [WARNING]  MultiQC Version v1.12 now available!
[2022-02-14 12:25:52,739] multiqc                                            [INFO   ]  This is MultiQC v1.9
[2022-02-14 12:25:52,739] multiqc                                            [DEBUG  ]  Command     : /opt/modules/devel/python/3.6.7/bin/multiqc fastqc_trimmed/
[2022-02-14 12:25:52,739] multiqc                                            [DEBUG  ]  Working dir : /home/jvanleuven/dc_workshop/01_qc
[2022-02-14 12:25:52,739] multiqc                                            [INFO   ]  Template    : default
[2022-02-14 12:25:52,739] multiqc                                            [DEBUG  ]  Running Python 3.6.7 (default, Jun  1 2021, 15:01:38)  [GCC 4.8.5 20150623 (Red Hat 4.8.5-44)]
[2022-02-14 12:25:52,739] multiqc                                            [INFO   ]  Searching   : /home/jvanleuven/dc_workshop/01_qc/fastqc_trimmed
[2022-02-14 12:25:52,740] multiqc                                            [DEBUG  ]  Analysing modules: custom_content, conpair, peddy, somalier, methylQA, mosdepth, phantompeakqualtools, qualimap, preseq, quast, qorts, rna_seqc, rockhopper, rsem, rseqc, busco, goleft_indexcov, disambiguate, supernova, deeptools, sargasso, verifybamid, mirtrace, happy, mirtop, homer, macs2, theta2, snpeff, gatk, htseq, bcftools, featureCounts, fgbio, dragen, dedup, damageprofiler, biobambam2, mtnucratio, picard, prokka, samblaster, samtools, sexdeterrmine, bamtools, jellyfish, vcftools, longranger, stacks, varscan2, bbmap, bismark, biscuit, hicexplorer, hicup, hicpro, salmon, kallisto, slamdunk, star, hisat2, tophat, bowtie2, bowtie1, snpsplit, kat, leehom, adapterRemoval, clipandmerge, cutadapt, flexbar, kaiju, kraken, malt, trimmomatic, sickle, skewer, sortmerna, biobloomtools, fastq_screen, afterqc, fastp, fastqc, pycoqc, minionqc, multivcfanalyzer, clusterflow, bcl2fastq, interop, ivar, flash, seqyclean
[2022-02-14 12:25:52,741] multiqc                                            [DEBUG  ]  Using temporary directory for creating report: /tmp/tmpb10pfyju
[2022-02-14 12:25:52,811] multiqc                                            [DEBUG  ]  File ignored by hicexplorer because it exceeded search pattern filesize limit: SRR2584853.trim_fastqc.html
[2022-02-14 12:25:52,816] multiqc                                            [DEBUG  ]  File ignored by longranger/invocation because it exceeded search pattern filesize limit: SRR2584853.trim_fastqc.html
[2022-02-14 12:25:52,875] multiqc                                            [DEBUG  ]  File ignored by hicexplorer because it exceeded search pattern filesize limit: SRR2584863.trim_fastqc.html
[2022-02-14 12:25:52,878] multiqc                                            [DEBUG  ]  File ignored by longranger/invocation because it exceeded search pattern filesize limit: SRR2584863.trim_fastqc.html
[2022-02-14 12:25:52,935] multiqc                                            [DEBUG  ]  File ignored by hicexplorer because it exceeded search pattern filesize limit: SRR2584866.trim_fastqc.html
[2022-02-14 12:25:52,938] multiqc                                            [DEBUG  ]  File ignored by longranger/invocation because it exceeded search pattern filesize limit: SRR2584866.trim_fastqc.html
[2022-02-14 12:25:52,992] multiqc                                            [DEBUG  ]  File ignored by hicexplorer because it exceeded search pattern filesize limit: SRR2589044.trim_fastqc.html
[2022-02-14 12:25:52,995] multiqc                                            [DEBUG  ]  File ignored by longranger/invocation because it exceeded search pattern filesize limit: SRR2589044.trim_fastqc.html
[2022-02-14 12:25:53,048] multiqc                                            [DEBUG  ]  File ignored by hicexplorer because it exceeded search pattern filesize limit: SRR6178292.trim_fastqc.html
[2022-02-14 12:25:53,050] multiqc                                            [DEBUG  ]  File ignored by longranger/invocation because it exceeded search pattern filesize limit: SRR6178292.trim_fastqc.html
[2022-02-14 12:25:53,094] multiqc                                            [DEBUG  ]  File ignored by hicexplorer because it exceeded search pattern filesize limit: SRR6178302.trim_fastqc.html
[2022-02-14 12:25:53,096] multiqc                                            [DEBUG  ]  File ignored by longranger/invocation because it exceeded search pattern filesize limit: SRR6178302.trim_fastqc.html
[2022-02-14 12:25:53,475] multiqc.plots.bargraph                             [DEBUG  ]  Using matplotlib version 3.3.1
[2022-02-14 12:25:53,476] multiqc.plots.linegraph                            [DEBUG  ]  Using matplotlib version 3.3.1
[2022-02-14 12:25:53,476] multiqc                                            [DEBUG  ]  No samples found: custom_content
[2022-02-14 12:25:53,480] multiqc                                            [DEBUG  ]  No samples found: conpair
[2022-02-14 12:25:53,484] multiqc                                            [DEBUG  ]  No samples found: peddy
[2022-02-14 12:25:53,488] multiqc                                            [DEBUG  ]  No samples found: somalier
[2022-02-14 12:25:53,492] multiqc                                            [DEBUG  ]  No samples found: methylQA
[2022-02-14 12:25:53,496] multiqc                                            [DEBUG  ]  No samples found: mosdepth
[2022-02-14 12:25:53,500] multiqc                                            [DEBUG  ]  No samples found: phantompeakqualtools
[2022-02-14 12:25:53,503] multiqc                                            [DEBUG  ]  No samples found: qualimap
[2022-02-14 12:25:53,507] multiqc                                            [DEBUG  ]  No samples found: preseq
[2022-02-14 12:25:53,510] multiqc                                            [DEBUG  ]  No samples found: quast
[2022-02-14 12:25:53,514] multiqc                                            [DEBUG  ]  No samples found: qorts
[2022-02-14 12:25:53,517] multiqc                                            [DEBUG  ]  No samples found: rna_seqc
[2022-02-14 12:25:53,521] multiqc                                            [DEBUG  ]  No samples found: rockhopper
[2022-02-14 12:25:53,524] multiqc                                            [DEBUG  ]  No samples found: rsem
[2022-02-14 12:25:53,530] multiqc                                            [DEBUG  ]  No samples found: rseqc
[2022-02-14 12:25:53,533] multiqc                                            [DEBUG  ]  No samples found: busco
[2022-02-14 12:25:53,537] multiqc                                            [DEBUG  ]  No samples found: goleft_indexcov
[2022-02-14 12:25:53,541] multiqc                                            [DEBUG  ]  No samples found: disambiguate
[2022-02-14 12:25:53,544] multiqc                                            [DEBUG  ]  No samples found: supernova
[2022-02-14 12:25:53,550] multiqc                                            [DEBUG  ]  No samples found: deeptools
[2022-02-14 12:25:53,554] multiqc                                            [DEBUG  ]  No samples found: sargasso
[2022-02-14 12:25:53,557] multiqc                                            [DEBUG  ]  No samples found: verifybamid
[2022-02-14 12:25:53,561] multiqc                                            [DEBUG  ]  No samples found: mirtrace
[2022-02-14 12:25:53,565] multiqc                                            [DEBUG  ]  No samples found: happy
[2022-02-14 12:25:53,568] multiqc                                            [DEBUG  ]  No samples found: mirtop
[2022-02-14 12:25:53,572] multiqc                                            [DEBUG  ]  No samples found: homer
[2022-02-14 12:25:53,576] multiqc                                            [DEBUG  ]  No samples found: macs2
[2022-02-14 12:25:53,579] multiqc                                            [DEBUG  ]  No samples found: theta2
[2022-02-14 12:25:53,583] multiqc                                            [DEBUG  ]  No samples found: snpeff
[2022-02-14 12:25:53,587] multiqc                                            [DEBUG  ]  No samples found: gatk
[2022-02-14 12:25:53,591] multiqc                                            [DEBUG  ]  No samples found: htseq
[2022-02-14 12:25:53,594] multiqc                                            [DEBUG  ]  No samples found: bcftools
[2022-02-14 12:25:53,598] multiqc                                            [DEBUG  ]  No samples found: featureCounts
[2022-02-14 12:25:53,602] multiqc                                            [DEBUG  ]  No samples found: fgbio
[2022-02-14 12:25:53,608] multiqc                                            [DEBUG  ]  No samples found: dragen
[2022-02-14 12:25:53,611] multiqc                                            [DEBUG  ]  No samples found: dedup
[2022-02-14 12:25:53,615] multiqc                                            [DEBUG  ]  No samples found: damageprofiler
[2022-02-14 12:25:53,623] multiqc                                            [DEBUG  ]  No samples found: biobambam2
[2022-02-14 12:25:53,627] multiqc                                            [DEBUG  ]  No samples found: mtnucratio
[2022-02-14 12:25:53,630] multiqc                                            [DEBUG  ]  No samples found: picard
[2022-02-14 12:25:53,634] multiqc                                            [DEBUG  ]  No samples found: prokka
[2022-02-14 12:25:53,637] multiqc                                            [DEBUG  ]  No samples found: samblaster
[2022-02-14 12:25:53,642] multiqc                                            [DEBUG  ]  No samples found: samtools
[2022-02-14 12:25:53,645] multiqc                                            [DEBUG  ]  No samples found: sexdeterrmine
[2022-02-14 12:25:53,649] multiqc                                            [DEBUG  ]  No samples found: bamtools
[2022-02-14 12:25:53,652] multiqc                                            [DEBUG  ]  No samples found: jellyfish
[2022-02-14 12:25:53,656] multiqc                                            [DEBUG  ]  No samples found: vcftools
[2022-02-14 12:25:53,660] multiqc                                            [DEBUG  ]  No samples found: longranger
[2022-02-14 12:25:53,664] multiqc                                            [DEBUG  ]  No samples found: stacks
[2022-02-14 12:25:53,667] multiqc                                            [DEBUG  ]  No samples found: varscan2
[2022-02-14 12:25:53,673] multiqc                                            [DEBUG  ]  No samples found: bbmap
[2022-02-14 12:25:53,677] multiqc                                            [DEBUG  ]  No samples found: bismark
[2022-02-14 12:25:53,681] multiqc                                            [DEBUG  ]  No samples found: biscuit
[2022-02-14 12:25:53,685] multiqc                                            [DEBUG  ]  No samples found: hicexplorer
[2022-02-14 12:25:53,688] multiqc                                            [DEBUG  ]  No samples found: hicup
[2022-02-14 12:25:53,692] multiqc                                            [DEBUG  ]  No samples found: hicpro
[2022-02-14 12:25:53,696] multiqc                                            [DEBUG  ]  No samples found: salmon
[2022-02-14 12:25:53,700] multiqc                                            [DEBUG  ]  No samples found: kallisto
[2022-02-14 12:25:53,703] multiqc                                            [DEBUG  ]  No samples found: slamdunk
[2022-02-14 12:25:53,707] multiqc                                            [DEBUG  ]  No samples found: star
[2022-02-14 12:25:53,710] multiqc                                            [DEBUG  ]  No samples found: hisat2
[2022-02-14 12:25:53,714] multiqc                                            [DEBUG  ]  No samples found: tophat
[2022-02-14 12:25:53,717] multiqc                                            [DEBUG  ]  No samples found: bowtie2
[2022-02-14 12:25:53,721] multiqc                                            [DEBUG  ]  No samples found: bowtie1
[2022-02-14 12:25:53,725] multiqc                                            [DEBUG  ]  No samples found: snpsplit
[2022-02-14 12:25:53,728] multiqc                                            [DEBUG  ]  No samples found: kat
[2022-02-14 12:25:53,732] multiqc                                            [DEBUG  ]  No samples found: leehom
[2022-02-14 12:25:53,735] multiqc                                            [DEBUG  ]  No samples found: adapterRemoval
[2022-02-14 12:25:53,739] multiqc                                            [DEBUG  ]  No samples found: clipandmerge
[2022-02-14 12:25:53,743] multiqc                                            [DEBUG  ]  No samples found: cutadapt
[2022-02-14 12:25:53,746] multiqc                                            [DEBUG  ]  No samples found: flexbar
[2022-02-14 12:25:53,749] multiqc                                            [DEBUG  ]  No samples found: kaiju
[2022-02-14 12:25:53,753] multiqc                                            [DEBUG  ]  No samples found: kraken
[2022-02-14 12:25:53,757] multiqc                                            [DEBUG  ]  No samples found: malt
[2022-02-14 12:25:53,760] multiqc                                            [DEBUG  ]  No samples found: trimmomatic
[2022-02-14 12:25:53,763] multiqc                                            [DEBUG  ]  No samples found: sickle
[2022-02-14 12:25:53,767] multiqc                                            [DEBUG  ]  No samples found: skewer
[2022-02-14 12:25:53,770] multiqc                                            [DEBUG  ]  No samples found: sortmerna
[2022-02-14 12:25:53,774] multiqc                                            [DEBUG  ]  No samples found: biobloomtools
[2022-02-14 12:25:53,777] multiqc                                            [DEBUG  ]  No samples found: fastq_screen
[2022-02-14 12:25:53,781] multiqc                                            [DEBUG  ]  No samples found: afterqc
[2022-02-14 12:25:53,785] multiqc                                            [DEBUG  ]  No samples found: fastp
[2022-02-14 12:25:53,835] multiqc.modules.fastqc.fastqc                      [INFO   ]  Found 6 reports
[2022-02-14 12:25:53,980] multiqc                                            [DEBUG  ]  No samples found: pycoqc
[2022-02-14 12:25:53,984] multiqc                                            [DEBUG  ]  No samples found: minionqc
[2022-02-14 12:25:53,988] multiqc                                            [DEBUG  ]  No samples found: multivcfanalyzer
[2022-02-14 12:25:53,991] multiqc                                            [DEBUG  ]  No samples found: clusterflow
[2022-02-14 12:25:53,995] multiqc                                            [DEBUG  ]  No samples found: bcl2fastq
[2022-02-14 12:25:53,999] multiqc                                            [DEBUG  ]  No samples found: interop
[2022-02-14 12:25:54,002] multiqc                                            [DEBUG  ]  No samples found: ivar
[2022-02-14 12:25:54,006] multiqc                                            [DEBUG  ]  No samples found: flash
[2022-02-14 12:25:54,009] multiqc                                            [DEBUG  ]  No samples found: seqyclean
[2022-02-14 12:25:54,020] multiqc                                            [INFO   ]  Compressing plot data
[2022-02-14 12:25:54,106] multiqc                                            [INFO   ]  Report      : multiqc_report.html
[2022-02-14 12:25:54,106] multiqc                                            [INFO   ]  Data        : multiqc_data
[2022-02-14 12:25:54,106] multiqc                                            [DEBUG  ]  Moving data file from '/tmp/tmpb10pfyju/multiqc_data' to '/home/jvanleuven/dc_workshop/01_qc/multiqc_data'
[2022-02-14 12:25:54,227] multiqc                                            [INFO   ]  MultiQC complete
