[2022-02-14 12:26:53,928] multiqc                                            [DEBUG  ]  No MultiQC config found: /opt/modules/devel/python/3.6.7/lib/python3.6/site-packages/multiqc_config.yaml
[2022-02-14 12:26:53,928] multiqc                                            [DEBUG  ]  No MultiQC config found: /mnt/ceph/jvanleuven/.multiqc_config.yaml
[2022-02-14 12:26:53,928] multiqc                                            [DEBUG  ]  No MultiQC config found: multiqc_config.yaml
[2022-02-14 12:26:53,928] multiqc                                            [DEBUG  ]  Command used: /opt/modules/devel/python/3.6.7/bin/multiqc fastqc_untrimmed
[2022-02-14 12:26:54,909] multiqc                                            [WARNING]  MultiQC Version v1.12 now available!
[2022-02-14 12:26:54,909] multiqc                                            [INFO   ]  This is MultiQC v1.9
[2022-02-14 12:26:54,909] multiqc                                            [DEBUG  ]  Command     : /opt/modules/devel/python/3.6.7/bin/multiqc fastqc_untrimmed
[2022-02-14 12:26:54,909] multiqc                                            [DEBUG  ]  Working dir : /home/jvanleuven/dc_workshop/01_qc
[2022-02-14 12:26:54,909] multiqc                                            [INFO   ]  Template    : default
[2022-02-14 12:26:54,910] multiqc                                            [DEBUG  ]  Running Python 3.6.7 (default, Jun  1 2021, 15:01:38)  [GCC 4.8.5 20150623 (Red Hat 4.8.5-44)]
[2022-02-14 12:26:54,910] multiqc                                            [INFO   ]  Searching   : /home/jvanleuven/dc_workshop/01_qc/fastqc_untrimmed
[2022-02-14 12:26:54,911] multiqc                                            [DEBUG  ]  Analysing modules: custom_content, conpair, peddy, somalier, methylQA, mosdepth, phantompeakqualtools, qualimap, preseq, quast, qorts, rna_seqc, rockhopper, rsem, rseqc, busco, goleft_indexcov, disambiguate, supernova, deeptools, sargasso, verifybamid, mirtrace, happy, mirtop, homer, macs2, theta2, snpeff, gatk, htseq, bcftools, featureCounts, fgbio, dragen, dedup, damageprofiler, biobambam2, mtnucratio, picard, prokka, samblaster, samtools, sexdeterrmine, bamtools, jellyfish, vcftools, longranger, stacks, varscan2, bbmap, bismark, biscuit, hicexplorer, hicup, hicpro, salmon, kallisto, slamdunk, star, hisat2, tophat, bowtie2, bowtie1, snpsplit, kat, leehom, adapterRemoval, clipandmerge, cutadapt, flexbar, kaiju, kraken, malt, trimmomatic, sickle, skewer, sortmerna, biobloomtools, fastq_screen, afterqc, fastp, fastqc, pycoqc, minionqc, multivcfanalyzer, clusterflow, bcl2fastq, interop, ivar, flash, seqyclean
[2022-02-14 12:26:54,911] multiqc                                            [DEBUG  ]  Using temporary directory for creating report: /tmp/tmpsosz5gav
[2022-02-14 12:26:54,989] multiqc                                            [DEBUG  ]  File ignored by hicexplorer because it exceeded search pattern filesize limit: SRR2584853_1_fastqc.html
[2022-02-14 12:26:54,993] multiqc                                            [DEBUG  ]  File ignored by longranger/invocation because it exceeded search pattern filesize limit: SRR2584853_1_fastqc.html
[2022-02-14 12:26:55,057] multiqc                                            [DEBUG  ]  File ignored by hicexplorer because it exceeded search pattern filesize limit: SRR2584863_1_fastqc.html
[2022-02-14 12:26:55,060] multiqc                                            [DEBUG  ]  File ignored by longranger/invocation because it exceeded search pattern filesize limit: SRR2584863_1_fastqc.html
[2022-02-14 12:26:55,121] multiqc                                            [DEBUG  ]  File ignored by hicexplorer because it exceeded search pattern filesize limit: SRR2584866_1_fastqc.html
[2022-02-14 12:26:55,124] multiqc                                            [DEBUG  ]  File ignored by longranger/invocation because it exceeded search pattern filesize limit: SRR2584866_1_fastqc.html
[2022-02-14 12:26:55,184] multiqc                                            [DEBUG  ]  File ignored by hicexplorer because it exceeded search pattern filesize limit: SRR2589044_1_fastqc.html
[2022-02-14 12:26:55,187] multiqc                                            [DEBUG  ]  File ignored by longranger/invocation because it exceeded search pattern filesize limit: SRR2589044_1_fastqc.html
[2022-02-14 12:26:55,248] multiqc                                            [DEBUG  ]  File ignored by hicexplorer because it exceeded search pattern filesize limit: SRR6178292_1_fastqc.html
[2022-02-14 12:26:55,251] multiqc                                            [DEBUG  ]  File ignored by longranger/invocation because it exceeded search pattern filesize limit: SRR6178292_1_fastqc.html
[2022-02-14 12:26:55,307] multiqc                                            [DEBUG  ]  File ignored by hicexplorer because it exceeded search pattern filesize limit: SRR6178302_1_fastqc.html
[2022-02-14 12:26:55,309] multiqc                                            [DEBUG  ]  File ignored by longranger/invocation because it exceeded search pattern filesize limit: SRR6178302_1_fastqc.html
[2022-02-14 12:26:55,693] multiqc.plots.bargraph                             [DEBUG  ]  Using matplotlib version 3.3.1
[2022-02-14 12:26:55,693] multiqc.plots.linegraph                            [DEBUG  ]  Using matplotlib version 3.3.1
[2022-02-14 12:26:55,694] multiqc                                            [DEBUG  ]  No samples found: custom_content
[2022-02-14 12:26:55,698] multiqc                                            [DEBUG  ]  No samples found: conpair
[2022-02-14 12:26:55,701] multiqc                                            [DEBUG  ]  No samples found: peddy
[2022-02-14 12:26:55,705] multiqc                                            [DEBUG  ]  No samples found: somalier
[2022-02-14 12:26:55,708] multiqc                                            [DEBUG  ]  No samples found: methylQA
[2022-02-14 12:26:55,712] multiqc                                            [DEBUG  ]  No samples found: mosdepth
[2022-02-14 12:26:55,716] multiqc                                            [DEBUG  ]  No samples found: phantompeakqualtools
[2022-02-14 12:26:55,719] multiqc                                            [DEBUG  ]  No samples found: qualimap
[2022-02-14 12:26:55,723] multiqc                                            [DEBUG  ]  No samples found: preseq
[2022-02-14 12:26:55,726] multiqc                                            [DEBUG  ]  No samples found: quast
[2022-02-14 12:26:55,729] multiqc                                            [DEBUG  ]  No samples found: qorts
[2022-02-14 12:26:55,733] multiqc                                            [DEBUG  ]  No samples found: rna_seqc
[2022-02-14 12:26:55,736] multiqc                                            [DEBUG  ]  No samples found: rockhopper
[2022-02-14 12:26:55,740] multiqc                                            [DEBUG  ]  No samples found: rsem
[2022-02-14 12:26:55,745] multiqc                                            [DEBUG  ]  No samples found: rseqc
[2022-02-14 12:26:55,749] multiqc                                            [DEBUG  ]  No samples found: busco
[2022-02-14 12:26:55,752] multiqc                                            [DEBUG  ]  No samples found: goleft_indexcov
[2022-02-14 12:26:55,756] multiqc                                            [DEBUG  ]  No samples found: disambiguate
[2022-02-14 12:26:55,759] multiqc                                            [DEBUG  ]  No samples found: supernova
[2022-02-14 12:26:55,765] multiqc                                            [DEBUG  ]  No samples found: deeptools
[2022-02-14 12:26:55,768] multiqc                                            [DEBUG  ]  No samples found: sargasso
[2022-02-14 12:26:55,772] multiqc                                            [DEBUG  ]  No samples found: verifybamid
[2022-02-14 12:26:55,775] multiqc                                            [DEBUG  ]  No samples found: mirtrace
[2022-02-14 12:26:55,778] multiqc                                            [DEBUG  ]  No samples found: happy
[2022-02-14 12:26:55,782] multiqc                                            [DEBUG  ]  No samples found: mirtop
[2022-02-14 12:26:55,786] multiqc                                            [DEBUG  ]  No samples found: homer
[2022-02-14 12:26:55,789] multiqc                                            [DEBUG  ]  No samples found: macs2
[2022-02-14 12:26:55,793] multiqc                                            [DEBUG  ]  No samples found: theta2
[2022-02-14 12:26:55,796] multiqc                                            [DEBUG  ]  No samples found: snpeff
[2022-02-14 12:26:55,800] multiqc                                            [DEBUG  ]  No samples found: gatk
[2022-02-14 12:26:55,804] multiqc                                            [DEBUG  ]  No samples found: htseq
[2022-02-14 12:26:55,807] multiqc                                            [DEBUG  ]  No samples found: bcftools
[2022-02-14 12:26:55,811] multiqc                                            [DEBUG  ]  No samples found: featureCounts
[2022-02-14 12:26:55,814] multiqc                                            [DEBUG  ]  No samples found: fgbio
[2022-02-14 12:26:55,820] multiqc                                            [DEBUG  ]  No samples found: dragen
[2022-02-14 12:26:55,824] multiqc                                            [DEBUG  ]  No samples found: dedup
[2022-02-14 12:26:55,827] multiqc                                            [DEBUG  ]  No samples found: damageprofiler
[2022-02-14 12:26:55,834] multiqc                                            [DEBUG  ]  No samples found: biobambam2
[2022-02-14 12:26:55,838] multiqc                                            [DEBUG  ]  No samples found: mtnucratio
[2022-02-14 12:26:55,841] multiqc                                            [DEBUG  ]  No samples found: picard
[2022-02-14 12:26:55,845] multiqc                                            [DEBUG  ]  No samples found: prokka
[2022-02-14 12:26:55,848] multiqc                                            [DEBUG  ]  No samples found: samblaster
[2022-02-14 12:26:55,852] multiqc                                            [DEBUG  ]  No samples found: samtools
[2022-02-14 12:26:55,856] multiqc                                            [DEBUG  ]  No samples found: sexdeterrmine
[2022-02-14 12:26:55,859] multiqc                                            [DEBUG  ]  No samples found: bamtools
[2022-02-14 12:26:55,863] multiqc                                            [DEBUG  ]  No samples found: jellyfish
[2022-02-14 12:26:55,867] multiqc                                            [DEBUG  ]  No samples found: vcftools
[2022-02-14 12:26:55,870] multiqc                                            [DEBUG  ]  No samples found: longranger
[2022-02-14 12:26:55,874] multiqc                                            [DEBUG  ]  No samples found: stacks
[2022-02-14 12:26:55,877] multiqc                                            [DEBUG  ]  No samples found: varscan2
[2022-02-14 12:26:55,883] multiqc                                            [DEBUG  ]  No samples found: bbmap
[2022-02-14 12:26:55,887] multiqc                                            [DEBUG  ]  No samples found: bismark
[2022-02-14 12:26:55,891] multiqc                                            [DEBUG  ]  No samples found: biscuit
[2022-02-14 12:26:55,894] multiqc                                            [DEBUG  ]  No samples found: hicexplorer
[2022-02-14 12:26:55,897] multiqc                                            [DEBUG  ]  No samples found: hicup
[2022-02-14 12:26:55,901] multiqc                                            [DEBUG  ]  No samples found: hicpro
[2022-02-14 12:26:55,904] multiqc                                            [DEBUG  ]  No samples found: salmon
[2022-02-14 12:26:55,908] multiqc                                            [DEBUG  ]  No samples found: kallisto
[2022-02-14 12:26:55,911] multiqc                                            [DEBUG  ]  No samples found: slamdunk
[2022-02-14 12:26:55,915] multiqc                                            [DEBUG  ]  No samples found: star
[2022-02-14 12:26:55,918] multiqc                                            [DEBUG  ]  No samples found: hisat2
[2022-02-14 12:26:55,922] multiqc                                            [DEBUG  ]  No samples found: tophat
[2022-02-14 12:26:55,925] multiqc                                            [DEBUG  ]  No samples found: bowtie2
[2022-02-14 12:26:55,928] multiqc                                            [DEBUG  ]  No samples found: bowtie1
[2022-02-14 12:26:55,932] multiqc                                            [DEBUG  ]  No samples found: snpsplit
[2022-02-14 12:26:55,935] multiqc                                            [DEBUG  ]  No samples found: kat
[2022-02-14 12:26:55,939] multiqc                                            [DEBUG  ]  No samples found: leehom
[2022-02-14 12:26:55,942] multiqc                                            [DEBUG  ]  No samples found: adapterRemoval
[2022-02-14 12:26:55,946] multiqc                                            [DEBUG  ]  No samples found: clipandmerge
[2022-02-14 12:26:55,949] multiqc                                            [DEBUG  ]  No samples found: cutadapt
[2022-02-14 12:26:55,952] multiqc                                            [DEBUG  ]  No samples found: flexbar
[2022-02-14 12:26:55,956] multiqc                                            [DEBUG  ]  No samples found: kaiju
[2022-02-14 12:26:55,959] multiqc                                            [DEBUG  ]  No samples found: kraken
[2022-02-14 12:26:55,963] multiqc                                            [DEBUG  ]  No samples found: malt
[2022-02-14 12:26:55,966] multiqc                                            [DEBUG  ]  No samples found: trimmomatic
[2022-02-14 12:26:55,970] multiqc                                            [DEBUG  ]  No samples found: sickle
[2022-02-14 12:26:55,973] multiqc                                            [DEBUG  ]  No samples found: skewer
[2022-02-14 12:26:55,977] multiqc                                            [DEBUG  ]  No samples found: sortmerna
[2022-02-14 12:26:55,980] multiqc                                            [DEBUG  ]  No samples found: biobloomtools
[2022-02-14 12:26:55,984] multiqc                                            [DEBUG  ]  No samples found: fastq_screen
[2022-02-14 12:26:55,987] multiqc                                            [DEBUG  ]  No samples found: afterqc
[2022-02-14 12:26:55,990] multiqc                                            [DEBUG  ]  No samples found: fastp
[2022-02-14 12:26:56,060] multiqc.modules.fastqc.fastqc                      [INFO   ]  Found 6 reports
[2022-02-14 12:26:56,200] multiqc                                            [DEBUG  ]  No samples found: pycoqc
[2022-02-14 12:26:56,203] multiqc                                            [DEBUG  ]  No samples found: minionqc
[2022-02-14 12:26:56,207] multiqc                                            [DEBUG  ]  No samples found: multivcfanalyzer
[2022-02-14 12:26:56,210] multiqc                                            [DEBUG  ]  No samples found: clusterflow
[2022-02-14 12:26:56,214] multiqc                                            [DEBUG  ]  No samples found: bcl2fastq
[2022-02-14 12:26:56,217] multiqc                                            [DEBUG  ]  No samples found: interop
[2022-02-14 12:26:56,221] multiqc                                            [DEBUG  ]  No samples found: ivar
[2022-02-14 12:26:56,224] multiqc                                            [DEBUG  ]  No samples found: flash
[2022-02-14 12:26:56,228] multiqc                                            [DEBUG  ]  No samples found: seqyclean
[2022-02-14 12:26:56,238] multiqc                                            [INFO   ]  Compressing plot data
[2022-02-14 12:26:56,353] multiqc                                            [INFO   ]  Report      : multiqc_report.html
[2022-02-14 12:26:56,354] multiqc                                            [INFO   ]  Data        : multiqc_data
[2022-02-14 12:26:56,354] multiqc                                            [DEBUG  ]  Moving data file from '/tmp/tmpsosz5gav/multiqc_data' to '/home/jvanleuven/dc_workshop/01_qc/multiqc_data'
[2022-02-14 12:26:56,471] multiqc                                            [INFO   ]  MultiQC complete
